Archive member included because of file (symbol)

c:/program files (x86)/atmel/atmel toolchain/avr8 gcc/native/3.4.1061/avr8-gnu-toolchain/bin/../lib/gcc/avr/4.8.1/../../../../avr/lib/avr5\libm.a(atan.o)
                              src/config/adc.o (atan)
c:/program files (x86)/atmel/atmel toolchain/avr8 gcc/native/3.4.1061/avr8-gnu-toolchain/bin/../lib/gcc/avr/4.8.1/../../../../avr/lib/avr5\libm.a(fixsfsi.o)
                              src/config/adc.o (__fixsfsi)
c:/program files (x86)/atmel/atmel toolchain/avr8 gcc/native/3.4.1061/avr8-gnu-toolchain/bin/../lib/gcc/avr/4.8.1/../../../../avr/lib/avr5\libm.a(fixunssfsi.o)
                              c:/program files (x86)/atmel/atmel toolchain/avr8 gcc/native/3.4.1061/avr8-gnu-toolchain/bin/../lib/gcc/avr/4.8.1/../../../../avr/lib/avr5\libm.a(fixsfsi.o) (__fixunssfsi)
c:/program files (x86)/atmel/atmel toolchain/avr8 gcc/native/3.4.1061/avr8-gnu-toolchain/bin/../lib/gcc/avr/4.8.1/../../../../avr/lib/avr5\libm.a(floatsisf.o)
                              src/config/adc.o (__floatsisf)
c:/program files (x86)/atmel/atmel toolchain/avr8 gcc/native/3.4.1061/avr8-gnu-toolchain/bin/../lib/gcc/avr/4.8.1/../../../../avr/lib/avr5\libm.a(fp_powser.o)
                              c:/program files (x86)/atmel/atmel toolchain/avr8 gcc/native/3.4.1061/avr8-gnu-toolchain/bin/../lib/gcc/avr/4.8.1/../../../../avr/lib/avr5\libm.a(atan.o) (__fp_powser)
c:/program files (x86)/atmel/atmel toolchain/avr8 gcc/native/3.4.1061/avr8-gnu-toolchain/bin/../lib/gcc/avr/4.8.1/../../../../avr/lib/avr5\libm.a(fp_round.o)
                              c:/program files (x86)/atmel/atmel toolchain/avr8 gcc/native/3.4.1061/avr8-gnu-toolchain/bin/../lib/gcc/avr/4.8.1/../../../../avr/lib/avr5\libm.a(atan.o) (__fp_round)
c:/program files (x86)/atmel/atmel toolchain/avr8 gcc/native/3.4.1061/avr8-gnu-toolchain/bin/../lib/gcc/avr/4.8.1/../../../../avr/lib/avr5\libm.a(fp_split3.o)
                              c:/program files (x86)/atmel/atmel toolchain/avr8 gcc/native/3.4.1061/avr8-gnu-toolchain/bin/../lib/gcc/avr/4.8.1/../../../../avr/lib/avr5\libm.a(fixunssfsi.o) (__fp_splitA)
c:/program files (x86)/atmel/atmel toolchain/avr8 gcc/native/3.4.1061/avr8-gnu-toolchain/bin/../lib/gcc/avr/4.8.1/../../../../avr/lib/avr5\libm.a(fp_zero.o)
                              c:/program files (x86)/atmel/atmel toolchain/avr8 gcc/native/3.4.1061/avr8-gnu-toolchain/bin/../lib/gcc/avr/4.8.1/../../../../avr/lib/avr5\libm.a(fixunssfsi.o) (__fp_zero)
c:/program files (x86)/atmel/atmel toolchain/avr8 gcc/native/3.4.1061/avr8-gnu-toolchain/bin/../lib/gcc/avr/4.8.1/../../../../avr/lib/avr5\libm.a(inverse.o)
                              c:/program files (x86)/atmel/atmel toolchain/avr8 gcc/native/3.4.1061/avr8-gnu-toolchain/bin/../lib/gcc/avr/4.8.1/../../../../avr/lib/avr5\libm.a(atan.o) (inverse)
c:/program files (x86)/atmel/atmel toolchain/avr8 gcc/native/3.4.1061/avr8-gnu-toolchain/bin/../lib/gcc/avr/4.8.1/../../../../avr/lib/avr5\libm.a(mulsf3x.o)
                              c:/program files (x86)/atmel/atmel toolchain/avr8 gcc/native/3.4.1061/avr8-gnu-toolchain/bin/../lib/gcc/avr/4.8.1/../../../../avr/lib/avr5\libm.a(atan.o) (__mulsf3x)
c:/program files (x86)/atmel/atmel toolchain/avr8 gcc/native/3.4.1061/avr8-gnu-toolchain/bin/../lib/gcc/avr/4.8.1/../../../../avr/lib/avr5\libm.a(square.o)
                              c:/program files (x86)/atmel/atmel toolchain/avr8 gcc/native/3.4.1061/avr8-gnu-toolchain/bin/../lib/gcc/avr/4.8.1/../../../../avr/lib/avr5\libm.a(atan.o) (square)
c:/program files (x86)/atmel/atmel toolchain/avr8 gcc/native/3.4.1061/avr8-gnu-toolchain/bin/../lib/gcc/avr/4.8.1/../../../../avr/lib/avr5\libm.a(addsf3x.o)
                              c:/program files (x86)/atmel/atmel toolchain/avr8 gcc/native/3.4.1061/avr8-gnu-toolchain/bin/../lib/gcc/avr/4.8.1/../../../../avr/lib/avr5\libm.a(atan.o) (__addsf3x)
c:/program files (x86)/atmel/atmel toolchain/avr8 gcc/native/3.4.1061/avr8-gnu-toolchain/bin/../lib/gcc/avr/4.8.1/../../../../avr/lib/avr5\libm.a(divsf3.o)
                              c:/program files (x86)/atmel/atmel toolchain/avr8 gcc/native/3.4.1061/avr8-gnu-toolchain/bin/../lib/gcc/avr/4.8.1/../../../../avr/lib/avr5\libm.a(inverse.o) (__divsf3)
c:/program files (x86)/atmel/atmel toolchain/avr8 gcc/native/3.4.1061/avr8-gnu-toolchain/bin/../lib/gcc/avr/4.8.1/../../../../avr/lib/avr5\libm.a(divsf3x.o)
                              c:/program files (x86)/atmel/atmel toolchain/avr8 gcc/native/3.4.1061/avr8-gnu-toolchain/bin/../lib/gcc/avr/4.8.1/../../../../avr/lib/avr5\libm.a(divsf3.o) (__divsf3x)
c:/program files (x86)/atmel/atmel toolchain/avr8 gcc/native/3.4.1061/avr8-gnu-toolchain/bin/../lib/gcc/avr/4.8.1/../../../../avr/lib/avr5\libm.a(fp_inf.o)
                              c:/program files (x86)/atmel/atmel toolchain/avr8 gcc/native/3.4.1061/avr8-gnu-toolchain/bin/../lib/gcc/avr/4.8.1/../../../../avr/lib/avr5\libm.a(mulsf3x.o) (__fp_inf)
[...]
Memory Configuration

Name             Origin             Length             Attributes
text             0x00000000         0x00020000         xr
data             0x00800060         0x0000ffa0         rw !x
eeprom           0x00810000         0x00010000         rw !x
fuse             0x00820000         0x00000400         rw !x
lock             0x00830000         0x00000400         rw !x
signature        0x00840000         0x00000400         rw !x
user_signatures  0x00850000         0x00000400         rw !x
*default*        0x00000000         0xffffffff

Linker script and memory map

Address of section .data set to 0x800100
LOAD c:/program files (x86)/atmel/atmel toolchain/avr8 gcc/native/3.4.1061/avr8-gnu-toolchain/bin/../lib/gcc/avr/4.8.1/../../../../avr/lib/avr5/crtm162.o
LOAD src/ASF/common/boards/user_board/init.o
LOAD src/config/adc.o
LOAD src/config/can.o
LOAD src/config/can_driver.o
LOAD src/config/oled.o
LOAD src/config/spi.o
LOAD src/main.o
START GROUP
LOAD c:/program files (x86)/atmel/atmel toolchain/avr8 gcc/native/3.4.1061/avr8-gnu-toolchain/bin/../lib/gcc/avr/4.8.1/../../../../avr/lib/avr5\libm.a
END GROUP
START GROUP
LOAD c:/program files (x86)/atmel/atmel toolchain/avr8 gcc/native/3.4.1061/avr8-gnu-toolchain/bin/../lib/gcc/avr/4.8.1/avr5\libgcc.a
LOAD c:/program files (x86)/atmel/atmel toolchain/avr8 gcc/native/3.4.1061/avr8-gnu-toolchain/bin/../lib/gcc/avr/4.8.1/../../../../avr/lib/avr5\libm.a
LOAD c:/program files (x86)/atmel/atmel toolchain/avr8 gcc/native/3.4.1061/avr8-gnu-toolchain/bin/../lib/gcc/avr/4.8.1/../../../../avr/lib/avr5\libc.a
END GROUP

.hash
 *(.hash)

.dynsym
 *(.dynsym)

.dynstr
 *(.dynstr)

.gnu.version
 *(.gnu.version)

.gnu.version_d
 *(.gnu.version_d)

.gnu.version_r
 *(.gnu.version_r)

.rel.init
 *(.rel.init)

.rela.init
 *(.rela.init)

.rel.text
 *(.rel.text)
 *(.rel.text.*)
 *(.rel.gnu.linkonce.t*)

.rela.text
 *(.rela.text)
 *(.rela.text.*)
 *(.rela.gnu.linkonce.t*)

.rel.fini
 *(.rel.fini)

.rela.fini
 *(.rela.fini)

.rel.rodata
 *(.rel.rodata)
 *(.rel.rodata.*)
 *(.rel.gnu.linkonce.r*)

.rela.rodata
 *(.rela.rodata)
 *(.rela.rodata.*)
 *(.rela.gnu.linkonce.r*)

.rel.data
 *(.rel.data)
 *(.rel.data.*)
 *(.rel.gnu.linkonce.d*)

.rela.data
 *(.rela.data)
 *(.rela.data.*)
 *(.rela.gnu.linkonce.d*)

.rel.ctors
 *(.rel.ctors)

.rela.ctors
 *(.rela.ctors)

.rel.dtors
 *(.rel.dtors)

.rela.dtors
 *(.rela.dtors)

.rel.got
 *(.rel.got)

.rela.got
 *(.rela.got)

.rel.bss
 *(.rel.bss)

.rela.bss
 *(.rela.bss)

.rel.plt
 *(.rel.plt)

.rela.plt
 *(.rela.plt)

.text           0x00000000     0x180a
 *(.vectors)
 .vectors       0x00000000       0x70 c:/program files (x86)/atmel/atmel toolchain/avr8 gcc/native/3.4.1061/avr8-gnu-toolchain/bin/../lib/gcc/avr/4.8.1/../../../../avr/lib/avr5/crtm162.o
                0x00000000                __vector_default
                0x00000000                __vectors
 *(.vectors)
 *(.progmem.gcc*)
                0x00000070                . = ALIGN (0x2)
                0x00000070                __trampolines_start = .
 *(.trampolines)
 .trampolines   0x00000070        0x0 linker stubs
 *(.trampolines*)
                0x00000070                __trampolines_end = .
 *(.progmem*)
 .progmem.data.font4
                0x00000070      0x17c src/config/oled.o
                0x00000070                font4
 .progmem.data.font5
                0x000001ec      0x1db src/config/oled.o
                0x000001ec                font5
 .progmem.data.font8
                0x000003c7      0x2f8 src/config/oled.o
                0x000003c7                font8
                0x000006c0                . = ALIGN (0x2)
 *fill*         0x000006bf        0x1 
 *(.jumptables)
 *(.jumptables*)
 *(.lowtext)
 *(.lowtext*)
                0x000006c0                __ctors_start = .
 *(.ctors)
                0x000006c0                __ctors_end = .
                0x000006c0                __dtors_start = .
 *(.dtors)
                0x000006c0                __dtors_end = .
 SORT(*)(.ctors)
 SORT(*)(.dtors)
 *(.init0)
 .init0         0x000006c0        0x0 c:/program files (x86)/atmel/atmel toolchain/avr8 gcc/native/3.4.1061/avr8-gnu-toolchain/bin/../lib/gcc/avr/4.8.1/../../../../avr/lib/avr5/crtm162.o
                0x000006c0                __init
 *(.init0)
 *(.init1)
 *(.init1)
 *(.init2)
 .init2         0x000006c0        0xc c:/program files (x86)/atmel/atmel toolchain/avr8 gcc/native/3.4.1061/avr8-gnu-toolchain/bin/../lib/gcc/avr/4.8.1/../../../../avr/lib/avr5/crtm162.o
 *(.init2)
 *(.init3)
 *(.init3)
 *(.init4)
 .init4         0x000006cc       0x16 c:/program files (x86)/atmel/atmel toolchain/avr8 gcc/native/3.4.1061/avr8-gnu-toolchain/bin/../lib/gcc/avr/4.8.1/avr5\libgcc.a(_copy_data.o)
                0x000006cc                __do_copy_data
 .init4         0x000006e2       0x10 c:/program files (x86)/atmel/atmel toolchain/avr8 gcc/native/3.4.1061/avr8-gnu-toolchain/bin/../lib/gcc/avr/4.8.1/avr5\libgcc.a(_clear_bss.o)
                0x000006e2                __do_clear_bss
 *(.init4)
 *(.init5)
 *(.init5)
 *(.init6)
 *(.init6)
 *(.init7)
 *(.init7)
 *(.init8)
 *(.init8)
 *(.init9)
 .init9         0x000006f2        0x6 c:/program files (x86)/atmel/atmel toolchain/avr8 gcc/native/3.4.1061/avr8-gnu-toolchain/bin/../lib/gcc/avr/4.8.1/../../../../avr/lib/avr5/crtm162.o
 *(.init9)
 *(.text)
 .text          0x000006f8        0x2 c:/program files (x86)/atmel/atmel toolchain/avr8 gcc/native/3.4.1061/avr8-gnu-toolchain/bin/../lib/gcc/avr/4.8.1/../../../../avr/lib/avr5/crtm162.o
                0x000006f8                __vector_22
                0x000006f8                __vector_24
                0x000006f8                __vector_12
                0x000006f8                __bad_interrupt
                0x000006f8                __vector_6
                0x000006f8                __vector_3
                0x000006f8                __vector_23
                0x000006f8                __vector_25
                0x000006f8                __vector_11
                0x000006f8                __vector_13
                0x000006f8                __vector_17
                0x000006f8                __vector_19
                0x000006f8                __vector_7
                0x000006f8                __vector_27
                0x000006f8                __vector_5
                0x000006f8                __vector_4
                0x000006f8                __vector_9
                0x000006f8                __vector_2
                0x000006f8                __vector_21
                0x000006f8                __vector_15
                0x000006f8                __vector_8
                0x000006f8                __vector_26
                0x000006f8                __vector_14
                0x000006f8                __vector_10
                0x000006f8                __vector_16
                0x000006f8                __vector_18
                0x000006f8                __vector_20
                0x000006fa                . = ALIGN (0x2)
 *(.text.*)
 .text.adc_init
                0x000006fa        0xe src/config/adc.o
                0x000006fa                adc_init
 .text.can_read
                0x00000708       0x1a src/config/can.o
                0x00000708                can_read
 .text.can_write
                0x00000722       0x30 src/config/can.o
                0x00000722                can_write
 .text.can_rqt_send
                0x00000752       0x1e src/config/can.o
                0x00000752                can_rqt_send
 .text.can_bit_modify
                0x00000770       0x2c src/config/can.o
                0x00000770                can_bit_modify
 .text.can_reset
                0x0000079c       0x1e src/config/can.o
                0x0000079c                can_reset
 .text.can_init
                0x000007ba        0x8 src/config/can.o
                0x000007ba                can_init
 .text.__vector_1
                0x000007c2       0x28 src/config/can_driver.o
                0x000007c2                __vector_1
 .text.can_interrupt
                0x000007ea       0x1c src/config/can_driver.o
                0x000007ea                can_interrupt
 .text.can_transmit_complete
                0x00000806       0x32 src/config/can_driver.o
                0x00000806                can_transmit_complete
 .text.can_message_send
                0x00000838       0xe2 src/config/can_driver.o
                0x00000838                can_message_send
 .text.can_message_receive
                0x0000091a       0x6a src/config/can_driver.o
                0x0000091a                can_message_receive
 .text.can_int_vect
                0x00000984       0x20 src/config/can_driver.o
                0x00000984                can_int_vect
 .text.can_handle_messages
                0x000009a4       0xcc src/config/can_driver.o
                0x000009a4                can_handle_messages
 .text.oled_columb_range_select
                0x00000a70       0x28 src/config/oled.o
                0x00000a70                oled_columb_range_select
 .text.oled_page_select
                0x00000a98       0x20 src/config/oled.o
                0x00000a98                oled_page_select
 .text.oled_clear_page
                0x00000ab8       0x1e src/config/oled.o
                0x00000ab8                oled_clear_page
 .text.oled_clear_screen
                0x00000ad6       0x12 src/config/oled.o
                0x00000ad6                oled_clear_screen
 .text.oled_init
                0x00000ae8       0x66 src/config/oled.o
                0x00000ae8                oled_init
 .text.oled_print_char_of_size
                0x00000b4e       0x6a src/config/oled.o
                0x00000b4e                oled_print_char_of_size
 .text.oled_print_char_of_size_inverted
                0x00000bb8       0x6c src/config/oled.o
                0x00000bb8                oled_print_char_of_size_inverted
 .text.oled_print_char
                0x00000c24       0x22 src/config/oled.o
                0x00000c24                oled_print_char
 .text.oled_print_char_inverted
                0x00000c46       0x22 src/config/oled.o
                0x00000c46                oled_print_char_inverted
 .text.oled_printf
                0x00000c68       0x46 src/config/oled.o
                0x00000c68                oled_printf
 .text.oled_printf_inverted
                0x00000cae       0x46 src/config/oled.o
                0x00000cae                oled_printf_inverted
 .text.oled_display_activity
                0x00000cf4       0x5e src/config/oled.o
                0x00000cf4                oled_display_activity
 .text.spi_init
                0x00000d52        0xc src/config/spi.o
                0x00000d52                spi_init
 .text.spi_transmit_recieve
                0x00000d5e       0x32 src/config/spi.o
                0x00000d5e                spi_transmit_recieve
 .text.spi_receive
                0x00000d90       0x46 src/config/spi.o
                0x00000d90                spi_receive
 .text.spi_transmit
                0x00000dd6       0x30 src/config/spi.o
                0x00000dd6                spi_transmit
 .text.spi_write
                0x00000e06        0x6 src/config/spi.o
                0x00000e06                spi_write
 .text.spi_read
                0x00000e0c       0x16 src/config/spi.o
                0x00000e0c                spi_read
 .text.USART_Transmit
                0x00000e22        0x8 src/main.o
                0x00000e22                USART_Transmit
 .text.USART_Receive
                0x00000e2a        0x8 src/main.o
                0x00000e2a                USART_Receive
 .text.USART_Init
                0x00000e32       0x18 src/main.o
                0x00000e32                USART_Init
 .text.xmem_init
                0x00000e4a        0xe src/main.o
                0x00000e4a                xmem_init
 .text.main     0x00000e58       0xce src/main.o
                0x00000e58                main
 .text.avr-libc
                0x00000f26       0x94 c:/program files (x86)/atmel/atmel toolchain/avr8 gcc/native/3.4.1061/avr8-gnu-toolchain/bin/../lib/gcc/avr/4.8.1/../../../../avr/lib/avr5\libc.a(fdevopen.o)
                0x00000f26                fdevopen
 .text.avr-libc
                0x00000fba       0x22 c:/program files (x86)/atmel/atmel toolchain/avr8 gcc/native/3.4.1061/avr8-gnu-toolchain/bin/../lib/gcc/avr/4.8.1/../../../../avr/lib/avr5\libc.a(printf.o)
                0x00000fba                printf
 .text.avr-libc
                0x00000fdc       0x5a c:/program files (x86)/atmel/atmel toolchain/avr8 gcc/native/3.4.1061/avr8-gnu-toolchain/bin/../lib/gcc/avr/4.8.1/../../../../avr/lib/avr5\libc.a(puts.o)
                0x00000fdc                puts
 .text.avr-libc
                0x00001036      0x386 c:/program files (x86)/atmel/atmel toolchain/avr8 gcc/native/3.4.1061/avr8-gnu-toolchain/bin/../lib/gcc/avr/4.8.1/../../../../avr/lib/avr5\libc.a(vfprintf_std.o)
                0x00001036                vfprintf
 .text.avr-libc
                0x000013bc       0x34 c:/program files (x86)/atmel/atmel toolchain/avr8 gcc/native/3.4.1061/avr8-gnu-toolchain/bin/../lib/gcc/avr/4.8.1/../../../../avr/lib/avr5\libc.a(calloc.o)
                0x000013bc                calloc
 .text.avr-libc
                0x000013f0      0x24e c:/program files (x86)/atmel/atmel toolchain/avr8 gcc/native/3.4.1061/avr8-gnu-toolchain/bin/../lib/gcc/avr/4.8.1/../../../../avr/lib/avr5\libc.a(malloc.o)
                0x000013f0                malloc
                0x00001520                free
 .text.avr-libc
                0x0000163e       0x16 c:/program files (x86)/atmel/atmel toolchain/avr8 gcc/native/3.4.1061/avr8-gnu-toolchain/bin/../lib/gcc/avr/4.8.1/../../../../avr/lib/avr5\libc.a(strnlen_P.o)
                0x0000163e                strnlen_P
 .text.avr-libc
                0x00001654        0xe c:/program files (x86)/atmel/atmel toolchain/avr8 gcc/native/3.4.1061/avr8-gnu-toolchain/bin/../lib/gcc/avr/4.8.1/../../../../avr/lib/avr5\libc.a(memset.o)
                0x00001654                memset
 .text.avr-libc
                0x00001662       0x16 c:/program files (x86)/atmel/atmel toolchain/avr8 gcc/native/3.4.1061/avr8-gnu-toolchain/bin/../lib/gcc/avr/4.8.1/../../../../avr/lib/avr5\libc.a(strnlen.o)
                0x00001662                strnlen
 .text.avr-libc
                0x00001678       0x64 c:/program files (x86)/atmel/atmel toolchain/avr8 gcc/native/3.4.1061/avr8-gnu-toolchain/bin/../lib/gcc/avr/4.8.1/../../../../avr/lib/avr5\libc.a(fputc.o)
                0x00001678                fputc
 .text.avr-libc
                0x000016dc       0xbc c:/program files (x86)/atmel/atmel toolchain/avr8 gcc/native/3.4.1061/avr8-gnu-toolchain/bin/../lib/gcc/avr/4.8.1/../../../../avr/lib/avr5\libc.a(ultoa_invert.o)
                0x000016dc                __ultoa_invert
 .text.libgcc.prologue
                0x00001798       0x38 c:/program files (x86)/atmel/atmel toolchain/avr8 gcc/native/3.4.1061/avr8-gnu-toolchain/bin/../lib/gcc/avr/4.8.1/avr5\libgcc.a(_prologue.o)
                0x00001798                __prologue_saves__
 .text.libgcc.prologue
                0x000017d0       0x36 c:/program files (x86)/atmel/atmel toolchain/avr8 gcc/native/3.4.1061/avr8-gnu-toolchain/bin/../lib/gcc/avr/4.8.1/avr5\libgcc.a(_epilogue.o)
                0x000017d0                __epilogue_restores__
                0x00001806                . = ALIGN (0x2)
 *(.fini9)
 .fini9         0x00001806        0x0 c:/program files (x86)/atmel/atmel toolchain/avr8 gcc/native/3.4.1061/avr8-gnu-toolchain/bin/../lib/gcc/avr/4.8.1/avr5\libgcc.a(_exit.o)
                0x00001806                _exit
                0x00001806                exit
 *(.fini9)
 *(.fini8)
 *(.fini8)
 *(.fini7)
 *(.fini7)
 *(.fini6)
 *(.fini6)
 *(.fini5)
 *(.fini5)
 *(.fini4)
 *(.fini4)
 *(.fini3)
 *(.fini3)
 *(.fini2)
 *(.fini2)
 *(.fini1)
 *(.fini1)
 *(.fini0)
 .fini0         0x00001806        0x4 c:/program files (x86)/atmel/atmel toolchain/avr8 gcc/native/3.4.1061/avr8-gnu-toolchain/bin/../lib/gcc/avr/4.8.1/avr5\libgcc.a(_exit.o)
 *(.fini0)
                0x0000180a                _etext = .

.data           0x00800100      0x142 load address 0x0000180a
                0x00800100                PROVIDE (__data_start, .)
 *(.data)
 .data          0x00800100        0x6 c:/program files (x86)/atmel/atmel toolchain/avr8 gcc/native/3.4.1061/avr8-gnu-toolchain/bin/../lib/gcc/avr/4.8.1/../../../../avr/lib/avr5\libc.a(malloc.o)
                0x00800100                __malloc_heap_end
                0x00800102                __malloc_heap_start
                0x00800104                __malloc_margin
 *(.data*)
 *(.rodata)
 *(.rodata*)
 .rodata.str1.1
                0x00800106       0x16 src/config/can.o
 .rodata.str1.1
                0x0080011c       0x1b src/config/oled.o
 .rodata.str1.1
                0x00800137      0x10a src/main.o
 *(.gnu.linkonce.d*)
                0x00800242                . = ALIGN (0x2)
 *fill*         0x00800241        0x1 
                0x00800242                _edata = .
                0x00800242                PROVIDE (__data_end, .)

.bss            0x00800242      0x118
                0x00800242                PROVIDE (__bss_start, .)
 *(.bss)
 *(.bss*)
 .bss.buffer_number.1828
                0x00800242        0x2 src/config/can_driver.o
 .bss.flag      0x00800244        0x2 src/config/can_driver.o
                0x00800244                flag
 .bss.printf_size
                0x00800246        0x1 src/config/oled.o
                0x00800246                printf_size
 .bss.printf_page
                0x00800247        0x1 src/config/oled.o
                0x00800247                printf_page
 *(COMMON)
 COMMON         0x00800248        0x2 src/config/adc.o
                0x00800248                joy_adc_direction
 COMMON         0x0080024a      0x106 src/config/oled.o
                0x0080024a                oled_activity
                0x0080034e                joy_pos
 COMMON         0x00800350        0x6 c:/program files (x86)/atmel/atmel toolchain/avr8 gcc/native/3.4.1061/avr8-gnu-toolchain/bin/../lib/gcc/avr/4.8.1/../../../../avr/lib/avr5\libc.a(iob.o)
                0x00800350                __iob
 COMMON         0x00800356        0x4 c:/program files (x86)/atmel/atmel toolchain/avr8 gcc/native/3.4.1061/avr8-gnu-toolchain/bin/../lib/gcc/avr/4.8.1/../../../../avr/lib/avr5\libc.a(malloc.o)
                0x00800356                __brkval
                0x00800358                __flp
                0x0080035a                PROVIDE (__bss_end, .)
                0x0000180a                __data_load_start = LOADADDR (.data)
                0x0000194c                __data_load_end = (__data_load_start + SIZEOF (.data))

.noinit         0x0080035a        0x0
                0x0080035a                PROVIDE (__noinit_start, .)
 *(.noinit*)
                0x0080035a                PROVIDE (__noinit_end, .)
                0x0080035a                _end = .
                0x0080035a                PROVIDE (__heap_start, .)

.eeprom         0x00810000        0x0
 *(.eeprom*)
                0x00810000                __eeprom_end = .

.fuse
 *(.fuse)
 *(.lfuse)
 *(.hfuse)
 *(.efuse)

.lock
 *(.lock*)

.signature
 *(.signature*)

.user_signatures
 *(.user_signatures*)

.stab
 *(.stab)

.stabstr
 *(.stabstr)

.stab.excl
 *(.stab.excl)

.stab.exclstr
 *(.stab.exclstr)

.stab.index
 *(.stab.index)

.stab.indexstr
 *(.stab.indexstr)

.comment        0x00000000       0x5c
 *(.comment)
 .comment       0x00000000       0x30 src/config/adc.o
                                 0x31 (size before relaxing)
 .comment       0x00000000       0x31 src/config/can.o
 .comment       0x00000000       0x31 src/config/can_driver.o
 .comment       0x00000000       0x31 src/config/oled.o
 .comment       0x00000000       0x31 src/config/spi.o
 .comment       0x00000000       0x31 src/main.o
 .comment       0x00000000       0x31 c:/program files (x86)/atmel/atmel toolchain/avr8 gcc/native/3.4.1061/avr8-gnu-toolchain/bin/../lib/gcc/avr/4.8.1/../../../../avr/lib/avr5\libc.a(fdevopen.o)
 .comment       0x00000000       0x31 c:/program files (x86)/atmel/atmel toolchain/avr8 gcc/native/3.4.1061/avr8-gnu-toolchain/bin/../lib/gcc/avr/4.8.1/../../../../avr/lib/avr5\libc.a(iob.o)
 .comment       0x00000000       0x31 c:/program files (x86)/atmel/atmel toolchain/avr8 gcc/native/3.4.1061/avr8-gnu-toolchain/bin/../lib/gcc/avr/4.8.1/../../../../avr/lib/avr5\libc.a(printf.o)
 .comment       0x00000000       0x31 c:/program files (x86)/atmel/atmel toolchain/avr8 gcc/native/3.4.1061/avr8-gnu-toolchain/bin/../lib/gcc/avr/4.8.1/../../../../avr/lib/avr5\libc.a(puts.o)
 .comment       0x00000030       0x2c c:/program files (x86)/atmel/atmel toolchain/avr8 gcc/native/3.4.1061/avr8-gnu-toolchain/bin/../lib/gcc/avr/4.8.1/../../../../avr/lib/avr5\libc.a(vfprintf_std.o)
                                 0x2d (size before relaxing)
 .comment       0x00000000       0x31 c:/program files (x86)/atmel/atmel toolchain/avr8 gcc/native/3.4.1061/avr8-gnu-toolchain/bin/../lib/gcc/avr/4.8.1/../../../../avr/lib/avr5\libc.a(calloc.o)
 .comment       0x00000000       0x31 c:/program files (x86)/atmel/atmel toolchain/avr8 gcc/native/3.4.1061/avr8-gnu-toolchain/bin/../lib/gcc/avr/4.8.1/../../../../avr/lib/avr5\libc.a(malloc.o)
 .comment       0x00000000       0x31 c:/program files (x86)/atmel/atmel toolchain/avr8 gcc/native/3.4.1061/avr8-gnu-toolchain/bin/../lib/gcc/avr/4.8.1/../../../../avr/lib/avr5\libc.a(fputc.o)

.note.gnu.build-id
 *(.note.gnu.build-id)

.debug
 *(.debug)

.line
 *(.line)

.debug_srcinfo
 *(.debug_srcinfo)

.debug_sfnames
 *(.debug_sfnames)

.debug_aranges  0x00000000      0x240
 *(.debug_aranges)
 .debug_aranges
                0x00000000       0x58 src/config/adc.o
 .debug_aranges
                0x00000058       0x50 src/config/can.o
 .debug_aranges
                0x000000a8       0x60 src/config/can_driver.o
 .debug_aranges
                0x00000108       0x98 src/config/oled.o
 .debug_aranges
                0x000001a0       0x48 src/config/spi.o
 .debug_aranges
                0x000001e8       0x58 src/main.o

.debug_pubnames
 *(.debug_pubnames)

.debug_info     0x00000000     0x28a3
 *(.debug_info .gnu.linkonce.wi.*)
 .debug_info    0x00000000      0x71f src/config/adc.o
 .debug_info    0x0000071f      0x3df src/config/can.o
 .debug_info    0x00000afe      0x5c9 src/config/can_driver.o
 .debug_info    0x000010c7      0xdd3 src/config/oled.o
 .debug_info    0x00001e9a      0x27d src/config/spi.o
 .debug_info    0x00002117      0x78c src/main.o

.debug_abbrev   0x00000000      0xde2
 *(.debug_abbrev)
 .debug_abbrev  0x00000000      0x29f src/config/adc.o
 .debug_abbrev  0x0000029f      0x1a2 src/config/can.o
 .debug_abbrev  0x00000441      0x25a src/config/can_driver.o
 .debug_abbrev  0x0000069b      0x2a0 src/config/oled.o
 .debug_abbrev  0x0000093b      0x120 src/config/spi.o
 .debug_abbrev  0x00000a5b      0x387 src/main.o

.debug_line     0x00000000     0x1d85
 *(.debug_line .debug_line.* .debug_line_end)
 .debug_line    0x00000000      0x556 src/config/adc.o
 .debug_line    0x00000556      0x3ec src/config/can.o
 .debug_line    0x00000942      0x56d src/config/can_driver.o
 .debug_line    0x00000eaf      0x5bd src/config/oled.o
 .debug_line    0x0000146c      0x3a8 src/config/spi.o
 .debug_line    0x00001814      0x571 src/main.o

.debug_frame    0x00000000      0x5d0
 *(.debug_frame)
 .debug_frame   0x00000000       0xc4 src/config/adc.o
 .debug_frame   0x000000c4       0xd8 src/config/can.o
 .debug_frame   0x0000019c      0x120 src/config/can_driver.o
 .debug_frame   0x000002bc      0x15c src/config/oled.o
 .debug_frame   0x00000418       0xa0 src/config/spi.o
 .debug_frame   0x000004b8      0x118 src/main.o

.debug_str      0x00000000     0x953f
 *(.debug_str)
 .debug_str     0x00000000     0x6d4f src/config/adc.o
                               0x6e88 (size before relaxing)
 .debug_str     0x00006d4f      0xd87 src/config/can.o
                               0x7462 (size before relaxing)
 .debug_str     0x00007ad6      0x28e src/config/can_driver.o
                               0x7a58 (size before relaxing)
 .debug_str     0x00007d64     0x161a src/config/oled.o
                               0x7d25 (size before relaxing)
 .debug_str     0x0000937e       0x5d src/config/spi.o
                               0x70e3 (size before relaxing)
 .debug_str     0x000093db      0x164 src/main.o
                               0x7eba (size before relaxing)

.debug_loc      0x00000000     0x1525
 *(.debug_loc)
 .debug_loc     0x00000000      0x2d9 src/config/adc.o
 .debug_loc     0x000002d9      0x291 src/config/can.o
 .debug_loc     0x0000056a      0x442 src/config/can_driver.o
 .debug_loc     0x000009ac      0x703 src/config/oled.o
 .debug_loc     0x000010af      0x213 src/config/spi.o
 .debug_loc     0x000012c2      0x263 src/main.o

.debug_macinfo
 *(.debug_macinfo)

.debug_weaknames
 *(.debug_weaknames)

.debug_funcnames
 *(.debug_funcnames)

.debug_typenames
 *(.debug_typenames)

.debug_varnames
 *(.debug_varnames)

.debug_pubtypes
 *(.debug_pubtypes)

.debug_ranges   0x00000000      0x258
 *(.debug_ranges)
 .debug_ranges  0x00000000       0x48 src/config/adc.o
 .debug_ranges  0x00000048       0x40 src/config/can.o
 .debug_ranges  0x00000088       0x50 src/config/can_driver.o
 .debug_ranges  0x000000d8       0xb8 src/config/oled.o
 .debug_ranges  0x00000190       0x38 src/config/spi.o
 .debug_ranges  0x000001c8       0x90 src/main.o

.debug_macro    0x00000000     0x10e7
 *(.debug_macro)
 .debug_macro   0x00000000       0xf5 src/config/adc.o
 .debug_macro   0x000000f5       0x10 src/config/adc.o
 .debug_macro   0x00000105      0x16d src/config/adc.o
 .debug_macro   0x00000272       0x58 src/config/adc.o
 .debug_macro   0x000002ca       0x10 src/config/adc.o
 .debug_macro   0x000002da       0x97 src/config/adc.o
 .debug_macro   0x00000371       0xeb src/config/adc.o
 .debug_macro   0x0000045c       0x97 src/config/adc.o
 .debug_macro   0x000004f3       0x60 src/config/adc.o
 .debug_macro   0x00000553       0x10 src/config/adc.o
 .debug_macro   0x00000563       0xe1 src/config/can.o
 .debug_macro   0x00000644      0x2be src/config/can.o
 .debug_macro   0x00000902       0x10 src/config/can.o
 .debug_macro   0x00000912       0x63 src/config/can.o
 .debug_macro   0x00000975       0x34 src/config/can.o
 .debug_macro   0x000009a9      0x120 src/config/can_driver.o
 .debug_macro   0x00000ac9       0x2e src/config/can_driver.o
 .debug_macro   0x00000af7       0xf6 src/config/oled.o
 .debug_macro   0x00000bed       0x89 src/config/oled.o
 .debug_macro   0x00000c76       0xaa src/config/oled.o
 .debug_macro   0x00000d20       0xee src/config/oled.o
 .debug_macro   0x00000e0e       0x22 src/config/oled.o
 .debug_macro   0x00000e30       0x20 src/config/oled.o
 .debug_macro   0x00000e50       0x16 src/config/oled.o
 .debug_macro   0x00000e66       0xfd src/config/spi.o
 .debug_macro   0x00000f63      0x16e src/main.o
 .debug_macro   0x000010d1       0x16 src/main.o
OUTPUT(Ping Pong_6_2.elf elf32-avr)
LOAD linker stubs
