Archive member included because of file (symbol)

c:/program files (x86)/atmel/atmel toolchain/avr8 gcc/native/3.4.1061/avr8-gnu-toolchain/bin/../lib/gcc/avr/4.8.1/../../../../avr/lib/avr5\libm.a(atan.o)
                              src/config/adc.o (atan)
c:/program files (x86)/atmel/atmel toolchain/avr8 gcc/native/3.4.1061/avr8-gnu-toolchain/bin/../lib/gcc/avr/4.8.1/../../../../avr/lib/avr5\libm.a(fixsfsi.o)
                              src/config/adc.o (__fixsfsi)
c:/program files (x86)/atmel/atmel toolchain/avr8 gcc/native/3.4.1061/avr8-gnu-toolchain/bin/../lib/gcc/avr/4.8.1/../../../../avr/lib/avr5\libm.a(fixunssfsi.o)
                              c:/program files (x86)/atmel/atmel toolchain/avr8 gcc/native/3.4.1061/avr8-gnu-toolchain/bin/../lib/gcc/avr/4.8.1/../../../../avr/lib/avr5\libm.a(fixsfsi.o) (__fixunssfsi)
c:/program files (x86)/atmel/atmel toolchain/avr8 gcc/native/3.4.1061/avr8-gnu-toolchain/bin/../lib/gcc/avr/4.8.1/../../../../avr/lib/avr5\libm.a(floatsisf.o)
                              src/config/adc.o (__floatsisf)
c:/program files (x86)/atmel/atmel toolchain/avr8 gcc/native/3.4.1061/avr8-gnu-toolchain/bin/../lib/gcc/avr/4.8.1/../../../../avr/lib/avr5\libm.a(fp_powser.o)
                              c:/program files (x86)/atmel/atmel toolchain/avr8 gcc/native/3.4.1061/avr8-gnu-toolchain/bin/../lib/gcc/avr/4.8.1/../../../../avr/lib/avr5\libm.a(atan.o) (__fp_powser)
c:/program files (x86)/atmel/atmel toolchain/avr8 gcc/native/3.4.1061/avr8-gnu-toolchain/bin/../lib/gcc/avr/4.8.1/../../../../avr/lib/avr5\libm.a(fp_round.o)
                              c:/program files (x86)/atmel/atmel toolchain/avr8 gcc/native/3.4.1061/avr8-gnu-toolchain/bin/../lib/gcc/avr/4.8.1/../../../../avr/lib/avr5\libm.a(atan.o) (__fp_round)
c:/program files (x86)/atmel/atmel toolchain/avr8 gcc/native/3.4.1061/avr8-gnu-toolchain/bin/../lib/gcc/avr/4.8.1/../../../../avr/lib/avr5\libm.a(fp_split3.o)
                              c:/program files (x86)/atmel/atmel toolchain/avr8 gcc/native/3.4.1061/avr8-gnu-toolchain/bin/../lib/gcc/avr/4.8.1/../../../../avr/lib/avr5\libm.a(fixunssfsi.o) (__fp_splitA)
c:/program files (x86)/atmel/atmel toolchain/avr8 gcc/native/3.4.1061/avr8-gnu-toolchain/bin/../lib/gcc/avr/4.8.1/../../../../avr/lib/avr5\libm.a(fp_zero.o)
                              c:/program files (x86)/atmel/atmel toolchain/avr8 gcc/native/3.4.1061/avr8-gnu-toolchain/bin/../lib/gcc/avr/4.8.1/../../../../avr/lib/avr5\libm.a(fixunssfsi.o) (__fp_zero)
c:/program files (x86)/atmel/atmel toolchain/avr8 gcc/native/3.4.1061/avr8-gnu-toolchain/bin/../lib/gcc/avr/4.8.1/../../../../avr/lib/avr5\libm.a(inverse.o)
                              c:/program files (x86)/atmel/atmel toolchain/avr8 gcc/native/3.4.1061/avr8-gnu-toolchain/bin/../lib/gcc/avr/4.8.1/../../../../avr/lib/avr5\libm.a(atan.o) (inverse)
c:/program files (x86)/atmel/atmel toolchain/avr8 gcc/native/3.4.1061/avr8-gnu-toolchain/bin/../lib/gcc/avr/4.8.1/../../../../avr/lib/avr5\libm.a(mulsf3x.o)
                              c:/program files (x86)/atmel/atmel toolchain/avr8 gcc/native/3.4.1061/avr8-gnu-toolchain/bin/../lib/gcc/avr/4.8.1/../../../../avr/lib/avr5\libm.a(atan.o) (__mulsf3x)
c:/program files (x86)/atmel/atmel toolchain/avr8 gcc/native/3.4.1061/avr8-gnu-toolchain/bin/../lib/gcc/avr/4.8.1/../../../../avr/lib/avr5\libm.a(square.o)
                              c:/program files (x86)/atmel/atmel toolchain/avr8 gcc/native/3.4.1061/avr8-gnu-toolchain/bin/../lib/gcc/avr/4.8.1/../../../../avr/lib/avr5\libm.a(atan.o) (square)
c:/program files (x86)/atmel/atmel toolchain/avr8 gcc/native/3.4.1061/avr8-gnu-toolchain/bin/../lib/gcc/avr/4.8.1/../../../../avr/lib/avr5\libm.a(addsf3x.o)
                              c:/program files (x86)/atmel/atmel toolchain/avr8 gcc/native/3.4.1061/avr8-gnu-toolchain/bin/../lib/gcc/avr/4.8.1/../../../../avr/lib/avr5\libm.a(atan.o) (__addsf3x)
c:/program files (x86)/atmel/atmel toolchain/avr8 gcc/native/3.4.1061/avr8-gnu-toolchain/bin/../lib/gcc/avr/4.8.1/../../../../avr/lib/avr5\libm.a(divsf3.o)
                              c:/program files (x86)/atmel/atmel toolchain/avr8 gcc/native/3.4.1061/avr8-gnu-toolchain/bin/../lib/gcc/avr/4.8.1/../../../../avr/lib/avr5\libm.a(inverse.o) (__divsf3)
c:/program files (x86)/atmel/atmel toolchain/avr8 gcc/native/3.4.1061/avr8-gnu-toolchain/bin/../lib/gcc/avr/4.8.1/../../../../avr/lib/avr5\libm.a(divsf3x.o)
                              c:/program files (x86)/atmel/atmel toolchain/avr8 gcc/native/3.4.1061/avr8-gnu-toolchain/bin/../lib/gcc/avr/4.8.1/../../../../avr/lib/avr5\libm.a(divsf3.o) (__divsf3x)
c:/program files (x86)/atmel/atmel toolchain/avr8 gcc/native/3.4.1061/avr8-gnu-toolchain/bin/../lib/gcc/avr/4.8.1/../../../../avr/lib/avr5\libm.a(fp_inf.o)
                              c:/program files (x86)/atmel/atmel toolchain/avr8 gcc/native/3.4.1061/avr8-gnu-toolchain/bin/../lib/gcc/avr/4.8.1/../../../../avr/lib/avr5\libm.a(mulsf3x.o) (__fp_inf)
[...]
Memory Configuration

Name             Origin             Length             Attributes
text             0x00000000         0x00020000         xr
data             0x00800060         0x0000ffa0         rw !x
eeprom           0x00810000         0x00010000         rw !x
fuse             0x00820000         0x00000400         rw !x
lock             0x00830000         0x00000400         rw !x
signature        0x00840000         0x00000400         rw !x
user_signatures  0x00850000         0x00000400         rw !x
*default*        0x00000000         0xffffffff

Linker script and memory map

Address of section .data set to 0x800100
LOAD c:/program files (x86)/atmel/atmel toolchain/avr8 gcc/native/3.4.1061/avr8-gnu-toolchain/bin/../lib/gcc/avr/4.8.1/../../../../avr/lib/avr5/crtm162.o
LOAD src/ASF/common/boards/user_board/init.o
LOAD src/config/adc.o
LOAD src/config/can.o
LOAD src/config/can_driver.o
LOAD src/config/oled.o
LOAD src/config/spi.o
LOAD src/main.o
START GROUP
LOAD c:/program files (x86)/atmel/atmel toolchain/avr8 gcc/native/3.4.1061/avr8-gnu-toolchain/bin/../lib/gcc/avr/4.8.1/../../../../avr/lib/avr5\libm.a
END GROUP
START GROUP
LOAD c:/program files (x86)/atmel/atmel toolchain/avr8 gcc/native/3.4.1061/avr8-gnu-toolchain/bin/../lib/gcc/avr/4.8.1/avr5\libgcc.a
LOAD c:/program files (x86)/atmel/atmel toolchain/avr8 gcc/native/3.4.1061/avr8-gnu-toolchain/bin/../lib/gcc/avr/4.8.1/../../../../avr/lib/avr5\libm.a
LOAD c:/program files (x86)/atmel/atmel toolchain/avr8 gcc/native/3.4.1061/avr8-gnu-toolchain/bin/../lib/gcc/avr/4.8.1/../../../../avr/lib/avr5\libc.a
END GROUP

.hash
 *(.hash)

.dynsym
 *(.dynsym)

.dynstr
 *(.dynstr)

.gnu.version
 *(.gnu.version)

.gnu.version_d
 *(.gnu.version_d)

.gnu.version_r
 *(.gnu.version_r)

.rel.init
 *(.rel.init)

.rela.init
 *(.rela.init)

.rel.text
 *(.rel.text)
 *(.rel.text.*)
 *(.rel.gnu.linkonce.t*)

.rela.text
 *(.rela.text)
 *(.rela.text.*)
 *(.rela.gnu.linkonce.t*)

.rel.fini
 *(.rel.fini)

.rela.fini
 *(.rela.fini)

.rel.rodata
 *(.rel.rodata)
 *(.rel.rodata.*)
 *(.rel.gnu.linkonce.r*)

.rela.rodata
 *(.rela.rodata)
 *(.rela.rodata.*)
 *(.rela.gnu.linkonce.r*)

.rel.data
 *(.rel.data)
 *(.rel.data.*)
 *(.rel.gnu.linkonce.d*)

.rela.data
 *(.rela.data)
 *(.rela.data.*)
 *(.rela.gnu.linkonce.d*)

.rel.ctors
 *(.rel.ctors)

.rela.ctors
 *(.rela.ctors)

.rel.dtors
 *(.rel.dtors)

.rela.dtors
 *(.rela.dtors)

.rel.got
 *(.rel.got)

.rela.got
 *(.rela.got)

.rel.bss
 *(.rel.bss)

.rela.bss
 *(.rela.bss)

.rel.plt
 *(.rel.plt)

.rela.plt
 *(.rela.plt)

.text           0x00000000     0x186e
 *(.vectors)
 .vectors       0x00000000       0x70 c:/program files (x86)/atmel/atmel toolchain/avr8 gcc/native/3.4.1061/avr8-gnu-toolchain/bin/../lib/gcc/avr/4.8.1/../../../../avr/lib/avr5/crtm162.o
                0x00000000                __vector_default
                0x00000000                __vectors
 *(.vectors)
 *(.progmem.gcc*)
                0x00000070                . = ALIGN (0x2)
                0x00000070                __trampolines_start = .
 *(.trampolines)
 .trampolines   0x00000070        0x0 linker stubs
 *(.trampolines*)
                0x00000070                __trampolines_end = .
 *(.progmem*)
 .progmem.data.font4
                0x00000070      0x17c src/config/oled.o
                0x00000070                font4
 .progmem.data.font5
                0x000001ec      0x1db src/config/oled.o
                0x000001ec                font5
 .progmem.data.font8
                0x000003c7      0x2f8 src/config/oled.o
                0x000003c7                font8
                0x000006c0                . = ALIGN (0x2)
 *fill*         0x000006bf        0x1 
 *(.jumptables)
 *(.jumptables*)
 *(.lowtext)
 *(.lowtext*)
                0x000006c0                __ctors_start = .
 *(.ctors)
                0x000006c0                __ctors_end = .
                0x000006c0                __dtors_start = .
 *(.dtors)
                0x000006c0                __dtors_end = .
 SORT(*)(.ctors)
 SORT(*)(.dtors)
 *(.init0)
 .init0         0x000006c0        0x0 c:/program files (x86)/atmel/atmel toolchain/avr8 gcc/native/3.4.1061/avr8-gnu-toolchain/bin/../lib/gcc/avr/4.8.1/../../../../avr/lib/avr5/crtm162.o
                0x000006c0                __init
 *(.init0)
 *(.init1)
 *(.init1)
 *(.init2)
 .init2         0x000006c0        0xc c:/program files (x86)/atmel/atmel toolchain/avr8 gcc/native/3.4.1061/avr8-gnu-toolchain/bin/../lib/gcc/avr/4.8.1/../../../../avr/lib/avr5/crtm162.o
 *(.init2)
 *(.init3)
 *(.init3)
 *(.init4)
 .init4         0x000006cc       0x16 c:/program files (x86)/atmel/atmel toolchain/avr8 gcc/native/3.4.1061/avr8-gnu-toolchain/bin/../lib/gcc/avr/4.8.1/avr5\libgcc.a(_copy_data.o)
                0x000006cc                __do_copy_data
 .init4         0x000006e2       0x10 c:/program files (x86)/atmel/atmel toolchain/avr8 gcc/native/3.4.1061/avr8-gnu-toolchain/bin/../lib/gcc/avr/4.8.1/avr5\libgcc.a(_clear_bss.o)
                0x000006e2                __do_clear_bss
 *(.init4)
 *(.init5)
 *(.init5)
 *(.init6)
 *(.init6)
 *(.init7)
 *(.init7)
 *(.init8)
 *(.init8)
 *(.init9)
 .init9         0x000006f2        0x6 c:/program files (x86)/atmel/atmel toolchain/avr8 gcc/native/3.4.1061/avr8-gnu-toolchain/bin/../lib/gcc/avr/4.8.1/../../../../avr/lib/avr5/crtm162.o
 *(.init9)
 *(.text)
 .text          0x000006f8        0x2 c:/program files (x86)/atmel/atmel toolchain/avr8 gcc/native/3.4.1061/avr8-gnu-toolchain/bin/../lib/gcc/avr/4.8.1/../../../../avr/lib/avr5/crtm162.o
                0x000006f8                __vector_22
                0x000006f8                __vector_24
                0x000006f8                __vector_12
                0x000006f8                __bad_interrupt
                0x000006f8                __vector_6
                0x000006f8                __vector_3
                0x000006f8                __vector_23
                0x000006f8                __vector_25
                0x000006f8                __vector_11
                0x000006f8                __vector_13
                0x000006f8                __vector_17
                0x000006f8                __vector_19
                0x000006f8                __vector_7
                0x000006f8                __vector_27
                0x000006f8                __vector_5
                0x000006f8                __vector_4
                0x000006f8                __vector_9
                0x000006f8                __vector_2
                0x000006f8                __vector_21
                0x000006f8                __vector_15
                0x000006f8                __vector_8
                0x000006f8                __vector_26
                0x000006f8                __vector_14
                0x000006f8                __vector_10
                0x000006f8                __vector_16
                0x000006f8                __vector_18
                0x000006f8                __vector_20
                0x000006fa                . = ALIGN (0x2)
 *(.text.*)
 .text.adc_init
                0x000006fa        0xe src/config/adc.o
                0x000006fa                adc_init
 .text.can_read
                0x00000708       0x1a src/config/can.o
                0x00000708                can_read
 .text.can_write
                0x00000722       0x30 src/config/can.o
                0x00000722                can_write
 .text.can_rqt_send
                0x00000752       0x1e src/config/can.o
                0x00000752                can_rqt_send
 .text.can_bit_modify
                0x00000770       0x2c src/config/can.o
                0x00000770                can_bit_modify
 .text.can_reset
                0x0000079c       0x18 src/config/can.o
                0x0000079c                can_reset
 .text.can_init
                0x000007b4       0x68 src/config/can.o
                0x000007b4                can_init
 .text.__vector_1
                0x0000081c       0x5e src/config/can_driver.o
                0x0000081c                __vector_1
 .text.can_driver_init
                0x0000087a       0x2e src/config/can_driver.o
                0x0000087a                can_driver_init
 .text.can_interrupt
                0x000008a8       0x1c src/config/can_driver.o
                0x000008a8                can_interrupt
 .text.can_transmit_complete
                0x000008c4       0x32 src/config/can_driver.o
                0x000008c4                can_transmit_complete
 .text.can_message_send
                0x000008f6       0xe2 src/config/can_driver.o
                0x000008f6                can_message_send
 .text.can_message_receive
                0x000009d8       0x6a src/config/can_driver.o
                0x000009d8                can_message_receive
 .text.can_int_vect
                0x00000a42       0x20 src/config/can_driver.o
                0x00000a42                can_int_vect
 .text.can_handle_messages
                0x00000a62       0x96 src/config/can_driver.o
                0x00000a62                can_handle_messages
 .text.can_get_flag
                0x00000af8        0xa src/config/can_driver.o
                0x00000af8                can_get_flag
 .text.oled_columb_range_select
                0x00000b02       0x28 src/config/oled.o
                0x00000b02                oled_columb_range_select
 .text.oled_page_select
                0x00000b2a       0x20 src/config/oled.o
                0x00000b2a                oled_page_select
 .text.oled_clear_page
                0x00000b4a       0x1e src/config/oled.o
                0x00000b4a                oled_clear_page
 .text.oled_clear_screen
                0x00000b68       0x12 src/config/oled.o
                0x00000b68                oled_clear_screen
 .text.oled_init
                0x00000b7a       0x66 src/config/oled.o
                0x00000b7a                oled_init
 .text.oled_print_char_of_size
                0x00000be0       0x6a src/config/oled.o
                0x00000be0                oled_print_char_of_size
 .text.oled_print_char_of_size_inverted
                0x00000c4a       0x6c src/config/oled.o
                0x00000c4a                oled_print_char_of_size_inverted
 .text.oled_print_char
                0x00000cb6       0x22 src/config/oled.o
                0x00000cb6                oled_print_char
 .text.oled_print_char_inverted
                0x00000cd8       0x22 src/config/oled.o
                0x00000cd8                oled_print_char_inverted
 .text.oled_printf
                0x00000cfa       0x46 src/config/oled.o
                0x00000cfa                oled_printf
 .text.oled_printf_inverted
                0x00000d40       0x46 src/config/oled.o
                0x00000d40                oled_printf_inverted
 .text.oled_display_activity
                0x00000d86       0x5e src/config/oled.o
                0x00000d86                oled_display_activity
 .text.spi_init
                0x00000de4        0xe src/config/spi.o
                0x00000de4                spi_init
 .text.spi_transmit_recieve
                0x00000df2       0x32 src/config/spi.o
                0x00000df2                spi_transmit_recieve
 .text.spi_transmit
                0x00000e24       0x30 src/config/spi.o
                0x00000e24                spi_transmit
 .text.spi_write
                0x00000e54        0x6 src/config/spi.o
                0x00000e54                spi_write
 .text.spi_read
                0x00000e5a        0xe src/config/spi.o
                0x00000e5a                spi_read
 .text.USART_Transmit
                0x00000e68        0x8 src/main.o
                0x00000e68                USART_Transmit
 .text.USART_Receive
                0x00000e70        0x8 src/main.o
                0x00000e70                USART_Receive
 .text.USART_Init
                0x00000e78       0x18 src/main.o
                0x00000e78                USART_Init
 .text.xmem_init
                0x00000e90        0xe src/main.o
                0x00000e90                xmem_init
 .text.main     0x00000e9e       0xec src/main.o
                0x00000e9e                main
 .text.avr-libc
                0x00000f8a       0x94 c:/program files (x86)/atmel/atmel toolchain/avr8 gcc/native/3.4.1061/avr8-gnu-toolchain/bin/../lib/gcc/avr/4.8.1/../../../../avr/lib/avr5\libc.a(fdevopen.o)
                0x00000f8a                fdevopen
 .text.avr-libc
                0x0000101e       0x22 c:/program files (x86)/atmel/atmel toolchain/avr8 gcc/native/3.4.1061/avr8-gnu-toolchain/bin/../lib/gcc/avr/4.8.1/../../../../avr/lib/avr5\libc.a(printf.o)
                0x0000101e                printf
 .text.avr-libc
                0x00001040       0x5a c:/program files (x86)/atmel/atmel toolchain/avr8 gcc/native/3.4.1061/avr8-gnu-toolchain/bin/../lib/gcc/avr/4.8.1/../../../../avr/lib/avr5\libc.a(puts.o)
                0x00001040                puts
 .text.avr-libc
                0x0000109a      0x386 c:/program files (x86)/atmel/atmel toolchain/avr8 gcc/native/3.4.1061/avr8-gnu-toolchain/bin/../lib/gcc/avr/4.8.1/../../../../avr/lib/avr5\libc.a(vfprintf_std.o)
                0x0000109a                vfprintf
 .text.avr-libc
                0x00001420       0x34 c:/program files (x86)/atmel/atmel toolchain/avr8 gcc/native/3.4.1061/avr8-gnu-toolchain/bin/../lib/gcc/avr/4.8.1/../../../../avr/lib/avr5\libc.a(calloc.o)
                0x00001420                calloc
 .text.avr-libc
                0x00001454      0x24e c:/program files (x86)/atmel/atmel toolchain/avr8 gcc/native/3.4.1061/avr8-gnu-toolchain/bin/../lib/gcc/avr/4.8.1/../../../../avr/lib/avr5\libc.a(malloc.o)
                0x00001454                malloc
                0x00001584                free
 .text.avr-libc
                0x000016a2       0x16 c:/program files (x86)/atmel/atmel toolchain/avr8 gcc/native/3.4.1061/avr8-gnu-toolchain/bin/../lib/gcc/avr/4.8.1/../../../../avr/lib/avr5\libc.a(strnlen_P.o)
                0x000016a2                strnlen_P
 .text.avr-libc
                0x000016b8        0xe c:/program files (x86)/atmel/atmel toolchain/avr8 gcc/native/3.4.1061/avr8-gnu-toolchain/bin/../lib/gcc/avr/4.8.1/../../../../avr/lib/avr5\libc.a(memset.o)
                0x000016b8                memset
 .text.avr-libc
                0x000016c6       0x16 c:/program files (x86)/atmel/atmel toolchain/avr8 gcc/native/3.4.1061/avr8-gnu-toolchain/bin/../lib/gcc/avr/4.8.1/../../../../avr/lib/avr5\libc.a(strnlen.o)
                0x000016c6                strnlen
 .text.avr-libc
                0x000016dc       0x64 c:/program files (x86)/atmel/atmel toolchain/avr8 gcc/native/3.4.1061/avr8-gnu-toolchain/bin/../lib/gcc/avr/4.8.1/../../../../avr/lib/avr5\libc.a(fputc.o)
                0x000016dc                fputc
 .text.avr-libc
                0x00001740       0xbc c:/program files (x86)/atmel/atmel toolchain/avr8 gcc/native/3.4.1061/avr8-gnu-toolchain/bin/../lib/gcc/avr/4.8.1/../../../../avr/lib/avr5\libc.a(ultoa_invert.o)
                0x00001740                __ultoa_invert
 .text.libgcc.prologue
                0x000017fc       0x38 c:/program files (x86)/atmel/atmel toolchain/avr8 gcc/native/3.4.1061/avr8-gnu-toolchain/bin/../lib/gcc/avr/4.8.1/avr5\libgcc.a(_prologue.o)
                0x000017fc                __prologue_saves__
 .text.libgcc.prologue
                0x00001834       0x36 c:/program files (x86)/atmel/atmel toolchain/avr8 gcc/native/3.4.1061/avr8-gnu-toolchain/bin/../lib/gcc/avr/4.8.1/avr5\libgcc.a(_epilogue.o)
                0x00001834                __epilogue_restores__
                0x0000186a                . = ALIGN (0x2)
 *(.fini9)
 .fini9         0x0000186a        0x0 c:/program files (x86)/atmel/atmel toolchain/avr8 gcc/native/3.4.1061/avr8-gnu-toolchain/bin/../lib/gcc/avr/4.8.1/avr5\libgcc.a(_exit.o)
                0x0000186a                _exit
                0x0000186a                exit
 *(.fini9)
 *(.fini8)
 *(.fini8)
 *(.fini7)
 *(.fini7)
 *(.fini6)
 *(.fini6)
 *(.fini5)
 *(.fini5)
 *(.fini4)
 *(.fini4)
 *(.fini3)
 *(.fini3)
 *(.fini2)
 *(.fini2)
 *(.fini1)
 *(.fini1)
 *(.fini0)
 .fini0         0x0000186a        0x4 c:/program files (x86)/atmel/atmel toolchain/avr8 gcc/native/3.4.1061/avr8-gnu-toolchain/bin/../lib/gcc/avr/4.8.1/avr5\libgcc.a(_exit.o)
 *(.fini0)
                0x0000186e                _etext = .

.data           0x00800100      0x230 load address 0x0000186e
                0x00800100                PROVIDE (__data_start, .)
 *(.data)
 .data          0x00800100        0x6 c:/program files (x86)/atmel/atmel toolchain/avr8 gcc/native/3.4.1061/avr8-gnu-toolchain/bin/../lib/gcc/avr/4.8.1/../../../../avr/lib/avr5\libc.a(malloc.o)
                0x00800100                __malloc_heap_end
                0x00800102                __malloc_heap_start
                0x00800104                __malloc_margin
 *(.data*)
 *(.rodata)
 *(.rodata*)
 .rodata.str1.1
                0x00800106       0xad src/config/can.o
 .rodata.str1.1
                0x008001b3       0x2a src/config/can_driver.o
 .rodata.str1.1
                0x008001dd       0x1b src/config/oled.o
 .rodata.str1.1
                0x008001f8      0x138 src/main.o
 *(.gnu.linkonce.d*)
                0x00800330                . = ALIGN (0x2)
                0x00800330                _edata = .
                0x00800330                PROVIDE (__data_end, .)

.bss            0x00800330      0x118
                0x00800330                PROVIDE (__bss_start, .)
 *(.bss)
 *(.bss*)
 .bss.buffer_number.1827
                0x00800330        0x2 src/config/can_driver.o
 .bss.flag      0x00800332        0x2 src/config/can_driver.o
                0x00800332                flag
 .bss.printf_size
                0x00800334        0x1 src/config/oled.o
                0x00800334                printf_size
 .bss.printf_page
                0x00800335        0x1 src/config/oled.o
                0x00800335                printf_page
 *(COMMON)
 COMMON         0x00800336        0x2 src/config/adc.o
                0x00800336                joy_adc_direction
 COMMON         0x00800338      0x106 src/config/oled.o
                0x00800338                oled_activity
                0x0080043c                joy_pos
 COMMON         0x0080043e        0x6 c:/program files (x86)/atmel/atmel toolchain/avr8 gcc/native/3.4.1061/avr8-gnu-toolchain/bin/../lib/gcc/avr/4.8.1/../../../../avr/lib/avr5\libc.a(iob.o)
                0x0080043e                __iob
 COMMON         0x00800444        0x4 c:/program files (x86)/atmel/atmel toolchain/avr8 gcc/native/3.4.1061/avr8-gnu-toolchain/bin/../lib/gcc/avr/4.8.1/../../../../avr/lib/avr5\libc.a(malloc.o)
                0x00800444                __brkval
                0x00800446                __flp
                0x00800448                PROVIDE (__bss_end, .)
                0x0000186e                __data_load_start = LOADADDR (.data)
                0x00001a9e                __data_load_end = (__data_load_start + SIZEOF (.data))

.noinit         0x00800448        0x0
                0x00800448                PROVIDE (__noinit_start, .)
 *(.noinit*)
                0x00800448                PROVIDE (__noinit_end, .)
                0x00800448                _end = .
                0x00800448                PROVIDE (__heap_start, .)

.eeprom         0x00810000        0x0
 *(.eeprom*)
                0x00810000                __eeprom_end = .

.fuse
 *(.fuse)
 *(.lfuse)
 *(.hfuse)
 *(.efuse)

.lock
 *(.lock*)

.signature
 *(.signature*)

.user_signatures
 *(.user_signatures*)

.stab
 *(.stab)

.stabstr
 *(.stabstr)

.stab.excl
 *(.stab.excl)

.stab.exclstr
 *(.stab.exclstr)

.stab.index
 *(.stab.index)

.stab.indexstr
 *(.stab.indexstr)

.comment        0x00000000       0x5c
 *(.comment)
 .comment       0x00000000       0x30 src/config/adc.o
                                 0x31 (size before relaxing)
 .comment       0x00000000       0x31 src/config/can.o
 .comment       0x00000000       0x31 src/config/can_driver.o
 .comment       0x00000000       0x31 src/config/oled.o
 .comment       0x00000000       0x31 src/config/spi.o
 .comment       0x00000000       0x31 src/main.o
 .comment       0x00000000       0x31 c:/program files (x86)/atmel/atmel toolchain/avr8 gcc/native/3.4.1061/avr8-gnu-toolchain/bin/../lib/gcc/avr/4.8.1/../../../../avr/lib/avr5\libc.a(fdevopen.o)
 .comment       0x00000000       0x31 c:/program files (x86)/atmel/atmel toolchain/avr8 gcc/native/3.4.1061/avr8-gnu-toolchain/bin/../lib/gcc/avr/4.8.1/../../../../avr/lib/avr5\libc.a(iob.o)
 .comment       0x00000000       0x31 c:/program files (x86)/atmel/atmel toolchain/avr8 gcc/native/3.4.1061/avr8-gnu-toolchain/bin/../lib/gcc/avr/4.8.1/../../../../avr/lib/avr5\libc.a(printf.o)
 .comment       0x00000000       0x31 c:/program files (x86)/atmel/atmel toolchain/avr8 gcc/native/3.4.1061/avr8-gnu-toolchain/bin/../lib/gcc/avr/4.8.1/../../../../avr/lib/avr5\libc.a(puts.o)
 .comment       0x00000030       0x2c c:/program files (x86)/atmel/atmel toolchain/avr8 gcc/native/3.4.1061/avr8-gnu-toolchain/bin/../lib/gcc/avr/4.8.1/../../../../avr/lib/avr5\libc.a(vfprintf_std.o)
                                 0x2d (size before relaxing)
 .comment       0x00000000       0x31 c:/program files (x86)/atmel/atmel toolchain/avr8 gcc/native/3.4.1061/avr8-gnu-toolchain/bin/../lib/gcc/avr/4.8.1/../../../../avr/lib/avr5\libc.a(calloc.o)
 .comment       0x00000000       0x31 c:/program files (x86)/atmel/atmel toolchain/avr8 gcc/native/3.4.1061/avr8-gnu-toolchain/bin/../lib/gcc/avr/4.8.1/../../../../avr/lib/avr5\libc.a(malloc.o)
 .comment       0x00000000       0x31 c:/program files (x86)/atmel/atmel toolchain/avr8 gcc/native/3.4.1061/avr8-gnu-toolchain/bin/../lib/gcc/avr/4.8.1/../../../../avr/lib/avr5\libc.a(fputc.o)

.note.gnu.build-id
 *(.note.gnu.build-id)

.debug
 *(.debug)

.line
 *(.line)

.debug_srcinfo
 *(.debug_srcinfo)

.debug_sfnames
 *(.debug_sfnames)

.debug_aranges  0x00000000      0x248
 *(.debug_aranges)
 .debug_aranges
                0x00000000       0x58 src/config/adc.o
 .debug_aranges
                0x00000058       0x50 src/config/can.o
 .debug_aranges
                0x000000a8       0x68 src/config/can_driver.o
 .debug_aranges
                0x00000110       0x98 src/config/oled.o
 .debug_aranges
                0x000001a8       0x48 src/config/spi.o
 .debug_aranges
                0x000001f0       0x58 src/main.o

.debug_pubnames
 *(.debug_pubnames)

.debug_info     0x00000000     0x2a2b
 *(.debug_info .gnu.linkonce.wi.*)
 .debug_info    0x00000000      0x71f src/config/adc.o
 .debug_info    0x0000071f      0x51f src/config/can.o
 .debug_info    0x00000c3e      0x60e src/config/can_driver.o
 .debug_info    0x0000124c      0xdd3 src/config/oled.o
 .debug_info    0x0000201f      0x250 src/config/spi.o
 .debug_info    0x0000226f      0x7bc src/main.o

.debug_abbrev   0x00000000      0xe62
 *(.debug_abbrev)
 .debug_abbrev  0x00000000      0x29f src/config/adc.o
 .debug_abbrev  0x0000029f      0x210 src/config/can.o
 .debug_abbrev  0x000004af      0x274 src/config/can_driver.o
 .debug_abbrev  0x00000723      0x2a0 src/config/oled.o
 .debug_abbrev  0x000009c3      0x120 src/config/spi.o
 .debug_abbrev  0x00000ae3      0x37f src/main.o

.debug_line     0x00000000     0x1e59
 *(.debug_line .debug_line.* .debug_line_end)
 .debug_line    0x00000000      0x556 src/config/adc.o
 .debug_line    0x00000556      0x475 src/config/can.o
 .debug_line    0x000009cb      0x596 src/config/can_driver.o
 .debug_line    0x00000f61      0x5bd src/config/oled.o
 .debug_line    0x0000151e      0x3be src/config/spi.o
 .debug_line    0x000018dc      0x57d src/main.o

.debug_frame    0x00000000      0x620
 *(.debug_frame)
 .debug_frame   0x00000000       0xc4 src/config/adc.o
 .debug_frame   0x000000c4       0xe8 src/config/can.o
 .debug_frame   0x000001ac      0x16c src/config/can_driver.o
 .debug_frame   0x00000318      0x15c src/config/oled.o
 .debug_frame   0x00000474       0x94 src/config/spi.o
 .debug_frame   0x00000508      0x118 src/main.o

.debug_str      0x00000000     0x954f
 *(.debug_str)
 .debug_str     0x00000000     0x6d4f src/config/adc.o
                               0x6e88 (size before relaxing)
 .debug_str     0x00006d4f      0xda0 src/config/can.o
                               0x78b4 (size before relaxing)
 .debug_str     0x00007aef      0x296 src/config/can_driver.o
                               0x7a67 (size before relaxing)
 .debug_str     0x00007d85     0x161a src/config/oled.o
                               0x7d25 (size before relaxing)
 .debug_str     0x0000939f       0x50 src/config/spi.o
                               0x70d6 (size before relaxing)
 .debug_str     0x000093ef      0x160 src/main.o
                               0x7ed9 (size before relaxing)

.debug_loc      0x00000000     0x16a8
 *(.debug_loc)
 .debug_loc     0x00000000      0x2d9 src/config/adc.o
 .debug_loc     0x000002d9      0x380 src/config/can.o
 .debug_loc     0x00000659      0x4ed src/config/can_driver.o
 .debug_loc     0x00000b46      0x703 src/config/oled.o
 .debug_loc     0x00001249      0x1e4 src/config/spi.o
 .debug_loc     0x0000142d      0x27b src/main.o

.debug_macinfo
 *(.debug_macinfo)

.debug_weaknames
 *(.debug_weaknames)

.debug_funcnames
 *(.debug_funcnames)

.debug_typenames
 *(.debug_typenames)

.debug_varnames
 *(.debug_varnames)

.debug_pubtypes
 *(.debug_pubtypes)

.debug_ranges   0x00000000      0x248
 *(.debug_ranges)
 .debug_ranges  0x00000000       0x48 src/config/adc.o
 .debug_ranges  0x00000048       0x40 src/config/can.o
 .debug_ranges  0x00000088       0x58 src/config/can_driver.o
 .debug_ranges  0x000000e0       0xb8 src/config/oled.o
 .debug_ranges  0x00000198       0x38 src/config/spi.o
 .debug_ranges  0x000001d0       0x78 src/main.o

.debug_macro    0x00000000     0x1109
 *(.debug_macro)
 .debug_macro   0x00000000       0xf5 src/config/adc.o
 .debug_macro   0x000000f5       0x10 src/config/adc.o
 .debug_macro   0x00000105      0x16d src/config/adc.o
 .debug_macro   0x00000272       0x58 src/config/adc.o
 .debug_macro   0x000002ca       0x10 src/config/adc.o
 .debug_macro   0x000002da       0x97 src/config/adc.o
 .debug_macro   0x00000371       0xeb src/config/adc.o
 .debug_macro   0x0000045c       0x97 src/config/adc.o
 .debug_macro   0x000004f3       0x60 src/config/adc.o
 .debug_macro   0x00000553       0x10 src/config/adc.o
 .debug_macro   0x00000563      0x103 src/config/can.o
 .debug_macro   0x00000666      0x2be src/config/can.o
 .debug_macro   0x00000924       0x10 src/config/can.o
 .debug_macro   0x00000934       0x63 src/config/can.o
 .debug_macro   0x00000997       0x34 src/config/can.o
 .debug_macro   0x000009cb      0x120 src/config/can_driver.o
 .debug_macro   0x00000aeb       0x2e src/config/can_driver.o
 .debug_macro   0x00000b19       0xf6 src/config/oled.o
 .debug_macro   0x00000c0f       0x89 src/config/oled.o
 .debug_macro   0x00000c98       0xaa src/config/oled.o
 .debug_macro   0x00000d42       0xee src/config/oled.o
 .debug_macro   0x00000e30       0x22 src/config/oled.o
 .debug_macro   0x00000e52       0x20 src/config/oled.o
 .debug_macro   0x00000e72       0x16 src/config/oled.o
 .debug_macro   0x00000e88       0xfd src/config/spi.o
 .debug_macro   0x00000f85      0x16e src/main.o
 .debug_macro   0x000010f3       0x16 src/main.o
OUTPUT(Ping Pong_6_2.elf elf32-avr)
LOAD linker stubs
